object :empty
object :obj-fooA-arg
    member bar1: str optional=False
enum QType ['none', 'qnull', 'qint', 'qstring', 'qdict', 'qlist', 'qfloat', 'qbool']
    prefix QTYPE
command fooA :obj-fooA-arg -> None
   gen=True success_response=True
