............................................................................
----------------------------------------------------------------------
Ran 76 tests

OK
