QA output created by 095
Formatting 'TEST_DIR/t.IMGFMT.base', fmt=IMGFMT size=5242880
Formatting 'TEST_DIR/t.IMGFMT.snp1', fmt=IMGFMT size=104857600 backing_file=TEST_DIR/t.IMGFMT.base
Formatting 'TEST_DIR/t.IMGFMT', fmt=IMGFMT size=104857600 backing_file=TEST_DIR/t.IMGFMT.snp1

=== Base image info before commit and resize ===
image: TEST_DIR/t.IMGFMT.base
file format: IMGFMT
virtual size: 5.0M (5242880 bytes)

=== Running QEMU Live Commit Test ===

{"return": {}}
{"return": {}}
{"timestamp": {"seconds":  TIMESTAMP, "microseconds":  TIMESTAMP}, "event": "BLOCK_JOB_COMPLETED", "data": {"device": "test", "len": 104857600, "offset": 104857600, "speed": 0, "type": "commit"}}

=== Base image info after commit and resize ===
image: TEST_DIR/t.IMGFMT.base
file format: IMGFMT
virtual size: 100M (104857600 bytes)
*** done
